node scripts/media/fonts.mjs
fonts: 0 downloaded, 12 present, 0 failed — all free faces ready
note: Sohne is paid (Klim) — drop your own copy in assets/fonts/local/Sohne.woff2 (gitignored).
go build -o bin/vawe ./cmd/render
node scripts/site/blocks-catalog.mjs
wrote 20 catalog page(s) · 117 grid blocks (118 total registry entries) → formats/scene/_catalog-*.json
  · out/_catalog-1.mp4 up to date
  · out/_catalog-10.mp4 up to date
  · out/_catalog-11.mp4 up to date
  · out/_catalog-12.mp4 up to date
  · out/_catalog-13.mp4 up to date
  · out/_catalog-14.mp4 up to date
  · out/_catalog-15.mp4 up to date
  · out/_catalog-16.mp4 up to date
  · out/_catalog-17.mp4 up to date
  · out/_catalog-18.mp4 up to date
  · out/_catalog-19.mp4 up to date
  · out/_catalog-2.mp4 up to date
▶ scene : capturing across 8 workers…
▶ encoding…
✓ done → /Users/vandit/Developer/code/shortwave/out/_catalog-20.mp4  (9.0s, 270 frames)
✓ /Users/vandit/Developer/code/shortwave/out/_catalog-20.mp4
▶ scene : capturing across 8 workers…
▶ encoding…
✓ done → /Users/vandit/Developer/code/shortwave/out/_catalog-3.mp4  (9.0s, 270 frames)
✓ /Users/vandit/Developer/code/shortwave/out/_catalog-3.mp4
▶ scene : capturing across 8 workers…
▶ encoding…
✓ done → /Users/vandit/Developer/code/shortwave/out/_catalog-4.mp4  (9.0s, 270 frames)
✓ /Users/vandit/Developer/code/shortwave/out/_catalog-4.mp4
▶ scene : capturing across 8 workers…
▶ encoding…
✓ done → /Users/vandit/Developer/code/shortwave/out/_catalog-5.mp4  (9.0s, 270 frames)
✓ /Users/vandit/Developer/code/shortwave/out/_catalog-5.mp4
▶ scene : capturing across 8 workers…
▶ encoding…
✓ done → /Users/vandit/Developer/code/shortwave/out/_catalog-6.mp4  (9.0s, 270 frames)
✓ /Users/vandit/Developer/code/shortwave/out/_catalog-6.mp4
▶ scene : capturing across 8 workers…
▶ encoding…
✓ done → /Users/vandit/Developer/code/shortwave/out/_catalog-7.mp4  (9.0s, 270 frames)
✓ /Users/vandit/Developer/code/shortwave/out/_catalog-7.mp4
▶ scene : capturing across 8 workers…
▶ encoding…
✓ done → /Users/vandit/Developer/code/shortwave/out/_catalog-8.mp4  (9.0s, 270 frames)
✓ /Users/vandit/Developer/code/shortwave/out/_catalog-8.mp4
▶ scene : capturing across 8 workers…
▶ encoding…
✓ done → /Users/vandit/Developer/code/shortwave/out/_catalog-9.mp4  (9.0s, 270 frames)
✓ /Users/vandit/Developer/code/shortwave/out/_catalog-9.mp4
... (1 lines truncated)
